
Running 1 test using 1 worker

🚀 Starting Full Game E2E...
BROWSER: [vite] connecting...
BROWSER: [vite] connected.
BROWSER: Set battleSpeed to instant in localStorage
🌍 Spawned in Overworld
🚶 Moving to House 1...
⚠️ Failed to enter house via interaction, force teleporting...
BROWSER: [vite] server connection lost. Polling for restart...
BROWSER: Failed to load resource: net::ERR_CONNECTION_REFUSED
BROWSER: Failed to load resource: net::ERR_CONNECTION_REFUSED
BROWSER: Failed to load resource: net::ERR_CONNECTION_REFUSED
BROWSER: Failed to load resource: net::ERR_CONNECTION_REFUSED
BROWSER: Failed to load resource: net::ERR_CONNECTION_REFUSED
BROWSER: Failed to load resource: net::ERR_CONNECTION_REFUSED
BROWSER: Failed to load resource: net::ERR_CONNECTION_REFUSED
BROWSER: Failed to load resource: net::ERR_CONNECTION_REFUSED
BROWSER: Failed to load resource: net::ERR_CONNECTION_REFUSED
BROWSER: Failed to load resource: net::ERR_CONNECTION_REFUSED
  ✘  1 [chromium] › tests/e2e/gameplay-full-game.spec.ts:22:1 › Full Game Flow - Prototype Milestone (22.1s)


  1) [chromium] › tests/e2e/gameplay-full-game.spec.ts:22:1 › Full Game Flow - Prototype Milestone ─

    Error: [2mexpect([22m[31mlocator[39m[2m).[22mtoContainText[2m([22m[32mexpected[39m[2m)[22m failed

    Locator: locator('.location-title')
    Expected substring: [32m"House 1"[39m
    Timeout: 10000ms
    Error: element(s) not found

    Call log:
    [2m  - Expect "toContainText" with timeout 10000ms[22m
    [2m  - waiting for locator('.location-title')[22m


      83 |   }
      84 |
    > 85 |   await expect(page.locator('.location-title')).toContainText('House 1', { timeout: 10000 });
         |                                                 ^
      86 |   console.log('🏠 Inside House 1');
      87 |
      88 |   // 4. House 1 Battle
        at /home/geni/Documents/vale-village-v2/tests/e2e/gameplay-full-game.spec.ts:85:49

    Error: apiRequestContext._wrapApiCall: ENOENT: no such file or directory, open '/home/geni/Documents/vale-village-v2/test-results/.playwright-artifacts-0/traces/dd3c0c088111c18e9aa7-b3725b15a8e61e396ea9.network'

    Error: ENOENT: no such file or directory, open '/home/geni/Documents/vale-village-v2/test-results/.playwright-artifacts-0/ae186171e0194183615ae88fc5ff36c4.zip'

    [31mTest timeout of 60000ms exceeded.[39m

    attachment #1: screenshot (image/png) ──────────────────────────────────────────────────────────
    test-results/gameplay-full-game-Full-Game-Flow---Prototype-Milestone-chromium/test-failed-1.png
    ────────────────────────────────────────────────────────────────────────────────────────────────

    Error Context: test-results/gameplay-full-game-Full-Game-Flow---Prototype-Milestone-chromium/error-context.md

  1 failed
    [chromium] › tests/e2e/gameplay-full-game.spec.ts:22:1 › Full Game Flow - Prototype Milestone ──
