
Running 1 test using 1 worker

🚀 Starting Fast Game E2E...
  ✘  1 [chromium] › tests/e2e/gameplay-full-game.spec.ts:8:1 › Full Game Flow - Fast Start (2.2m)


  1) [chromium] › tests/e2e/gameplay-full-game.spec.ts:8:1 › Full Game Flow - Fast Start ───────────

    TimeoutError: page.goto: Timeout 30000ms exceeded.
    Call log:
    [2m  - navigating to "http://127.0.0.1:5173/", waiting until "load"[22m


      14 |
      15 |   // 1. Direct Boot to Overworld
    > 16 |   await page.goto('/');
         |              ^
      17 |   // Wait for store exposure
      18 |   await page.waitForFunction(() => (window as any).v1Store && (window as any).gameStore);
      19 |
        at /home/geni/Documents/vale-village-v2/tests/e2e/gameplay-full-game.spec.ts:16:14

    attachment #1: video (video/webm) ──────────────────────────────────────────────────────────────
    test-results/gameplay-full-game-Full-Game-Flow---Fast-Start-chromium/video.webm
    ────────────────────────────────────────────────────────────────────────────────────────────────

    attachment #2: trace (application/zip) ─────────────────────────────────────────────────────────
    test-results/gameplay-full-game-Full-Game-Flow---Fast-Start-chromium/trace.zip
    Usage:

        pnpm exec playwright show-trace test-results/gameplay-full-game-Full-Game-Flow---Fast-Start-chromium/trace.zip

    ────────────────────────────────────────────────────────────────────────────────────────────────

  1 failed
    [chromium] › tests/e2e/gameplay-full-game.spec.ts:8:1 › Full Game Flow - Fast Start ────────────
