
Running 1 test using 1 worker

🚀 Starting Full Game E2E...
BROWSER: [vite] connecting...
BROWSER: [vite] connected.
BROWSER: Set battleSpeed to instant in localStorage
  ✘  1 [chromium] › tests/e2e/gameplay-full-game.spec.ts:22:1 › Full Game Flow - Prototype Milestone (15.2s)


  1) [chromium] › tests/e2e/gameplay-full-game.spec.ts:22:1 › Full Game Flow - Prototype Milestone ─

    Error: [2mexpect([22m[31mlocator[39m[2m).[22mtoBeVisible[2m([22m[2m)[22m failed

    Locator: locator('.main-menu')
    Expected: visible
    Timeout: 5000ms
    Error: element(s) not found

    Call log:
    [2m  - Expect "toBeVisible" with timeout 5000ms[22m
    [2m  - waiting for locator('.main-menu')[22m


      40 |
      41 |   await advanceToMainMenu(page);
    > 42 |   await expect(page.locator('.main-menu')).toBeVisible();
         |                                            ^
      43 |
      44 |   // 2. Start New Game
      45 |   const newGameOption = page.locator('.main-menu-option').filter({ hasText: /^New Game$/i });
        at /home/geni/Documents/vale-village-v2/tests/e2e/gameplay-full-game.spec.ts:42:44

    attachment #1: screenshot (image/png) ──────────────────────────────────────────────────────────
    test-results/gameplay-full-game-Full-Game-Flow---Prototype-Milestone-chromium/test-failed-1.png
    ────────────────────────────────────────────────────────────────────────────────────────────────

    attachment #2: video (video/webm) ──────────────────────────────────────────────────────────────
    test-results/gameplay-full-game-Full-Game-Flow---Prototype-Milestone-chromium/video.webm
    ────────────────────────────────────────────────────────────────────────────────────────────────

    Error Context: test-results/gameplay-full-game-Full-Game-Flow---Prototype-Milestone-chromium/error-context.md

    attachment #4: trace (application/zip) ─────────────────────────────────────────────────────────
    test-results/gameplay-full-game-Full-Game-Flow---Prototype-Milestone-chromium/trace.zip
    Usage:

        pnpm exec playwright show-trace test-results/gameplay-full-game-Full-Game-Flow---Prototype-Milestone-chromium/trace.zip

    ────────────────────────────────────────────────────────────────────────────────────────────────

  1 failed
    [chromium] › tests/e2e/gameplay-full-game.spec.ts:22:1 › Full Game Flow - Prototype Milestone ──
