
Running 1 test using 1 worker

[2026-01-02T11:58:02.310Z] 🏰 Starting Full Tower Run...
[2026-01-02T11:58:22.570Z] 
🏢 === FLOOR 1/30 ===
[2026-01-02T11:58:22.778Z]   Action taken: battle
[2026-01-02T11:58:23.022Z]   👥 Team select screen - confirming
[2026-01-02T11:58:23.318Z]   ⚔️ Battle started
[2026-01-02T11:58:24.188Z]   Floor 1 - Round 1 executed
[2026-01-02T11:58:32.848Z]   Floor 1 - Round 2 executed
[2026-01-02T11:58:41.636Z]   Floor 1 - Round 3 executed
[2026-01-02T11:58:50.345Z]   Floor 1 - Round 4 executed
[2026-01-02T11:58:59.114Z]   Floor 1 - Round 5 executed
[2026-01-02T11:59:12.827Z]   ✅ Victory! (5 rounds)
[2026-01-02T11:59:13.205Z] 
🏢 === FLOOR 2/30 ===
[2026-01-02T11:59:13.429Z]   Action taken: battle
[2026-01-02T11:59:13.574Z]   👥 Team select screen - confirming
[2026-01-02T11:59:13.815Z]   ⚔️ Battle started
[2026-01-02T11:59:14.346Z]   Floor 2 - Round 1 executed
[2026-01-02T11:59:26.595Z]   Floor 2 - Round 2 executed
[2026-01-02T11:59:49.227Z]   ❌ DEFEATED on floor 2!

📊 Log saved to: test-results/tower-run-2026-01-02T11-59-49-227Z.json
📝 Summary saved to: test-results/tower-run-summary-2026-01-02T11-59-49-228Z.txt
=== TOWER RUN SUMMARY ===
Start: 2026-01-02T11:58:01.227Z
End: 2026-01-02T11:59:49.227Z
Total Duration: 108s
Floors Completed: 1/30
Final Result: defeat

=== FLOOR DETAILS ===
Floor 1 (battle): victory - 50s (5 rounds)
Floor 2 (battle): defeat - 36s (2 rounds)


📊 Log saved to: test-results/tower-run-2026-01-02T11-59-49-228Z.json
📝 Summary saved to: test-results/tower-run-summary-2026-01-02T11-59-49-228Z.txt
=== TOWER RUN SUMMARY ===
Start: 2026-01-02T11:58:01.227Z
End: 2026-01-02T11:59:49.228Z
Total Duration: 108s
Floors Completed: 1/30
Final Result: defeat
Error: Defeated on floor 2

=== FLOOR DETAILS ===
Floor 1 (battle): victory - 50s (5 rounds)
Floor 2 (battle): defeat - 36s (2 rounds)

  ✘  1 [chromium] › tests/e2e/gameplay-full-tower.spec.ts:88:1 › Full Tower Run - Complete all 30 floors (2.0m)


  1) [chromium] › tests/e2e/gameplay-full-tower.spec.ts:88:1 › Full Tower Run - Complete all 30 floors 

    Error: Defeated on floor 2

      179 |           runLog.finalResult = 'defeat';
      180 |           saveLog();
    > 181 |           throw new Error(`Defeated on floor ${floor}`);
          |                 ^
      182 |         }
      183 |         
      184 |         logFloor(`  ✅ Victory! (${battleResult.rounds} rounds)`);
        at /home/geni/Documents/vale-village-v2/tests/e2e/gameplay-full-tower.spec.ts:181:17

    attachment #1: screenshot (image/png) ──────────────────────────────────────────────────────────
    test-results/gameplay-full-tower-Full-Tower-Run---Complete-all-30-floors-chromium/test-failed-1.png
    ────────────────────────────────────────────────────────────────────────────────────────────────

    attachment #2: video (video/webm) ──────────────────────────────────────────────────────────────
    test-results/gameplay-full-tower-Full-Tower-Run---Complete-all-30-floors-chromium/video.webm
    ────────────────────────────────────────────────────────────────────────────────────────────────

    Error Context: test-results/gameplay-full-tower-Full-Tower-Run---Complete-all-30-floors-chromium/error-context.md

    attachment #4: trace (application/zip) ─────────────────────────────────────────────────────────
    test-results/gameplay-full-tower-Full-Tower-Run---Complete-all-30-floors-chromium/trace.zip
    Usage:

        pnpm exec playwright show-trace test-results/gameplay-full-tower-Full-Tower-Run---Complete-all-30-floors-chromium/trace.zip

    ────────────────────────────────────────────────────────────────────────────────────────────────

  1 failed
    [chromium] › tests/e2e/gameplay-full-tower.spec.ts:88:1 › Full Tower Run - Complete all 30 floors 
