
Running 1 test using 1 worker

[2026-01-02T11:49:44.561Z] 🏰 Starting Full Tower Run...
[2026-01-02T11:49:54.658Z] 
🏢 === FLOOR 1/30 ===
[2026-01-02T11:49:54.814Z]   Action taken: battle
[2026-01-02T11:49:54.988Z]   👥 Team select screen - confirming
[2026-01-02T11:49:55.355Z]   ⚔️ Battle started
[2026-01-02T11:49:56.301Z]   Floor 1 - Round 1 executed
[2026-01-02T11:50:05.136Z]   Floor 1 - Round 2 executed
[2026-01-02T11:50:13.753Z]   Floor 1 - Round 3 executed
[2026-01-02T11:50:22.579Z]   Floor 1 - Round 4 executed
[2026-01-02T11:50:31.427Z]   Floor 1 - Round 5 executed
[2026-01-02T11:50:45.108Z]   ✅ Victory! (5 rounds)
[2026-01-02T11:50:45.489Z] 
🏢 === FLOOR 2/30 ===
[2026-01-02T11:50:45.722Z]   Action taken: battle
[2026-01-02T11:50:45.792Z]   👥 Team select screen - confirming
[2026-01-02T11:50:46.009Z]   ⚔️ Battle started
[2026-01-02T11:50:46.549Z]   Floor 2 - Round 1 executed
[2026-01-02T11:50:58.802Z]   Floor 2 - Round 2 executed
[2026-01-02T11:51:21.213Z]   ❌ DEFEATED on floor 2!

📊 Log saved to: test-results/tower-run-2026-01-02T11-51-21-214Z.json
📝 Summary saved to: test-results/tower-run-summary-2026-01-02T11-51-21-217Z.txt
=== TOWER RUN SUMMARY ===
Start: 2026-01-02T11:49:43.578Z
End: 2026-01-02T11:51:21.214Z
Total Duration: 98s
Floors Completed: 1/30
Final Result: defeat

=== FLOOR DETAILS ===
Floor 1 (battle): victory - 51s (5 rounds)
Floor 2 (battle): defeat - 36s (2 rounds)


📊 Log saved to: test-results/tower-run-2026-01-02T11-51-21-217Z.json
📝 Summary saved to: test-results/tower-run-summary-2026-01-02T11-51-21-218Z.txt
=== TOWER RUN SUMMARY ===
Start: 2026-01-02T11:49:43.578Z
End: 2026-01-02T11:51:21.217Z
Total Duration: 98s
Floors Completed: 1/30
Final Result: defeat
Error: Defeated on floor 2

=== FLOOR DETAILS ===
Floor 1 (battle): victory - 51s (5 rounds)
Floor 2 (battle): defeat - 36s (2 rounds)

  ✘  1 [chromium] › tests/e2e/gameplay-full-tower.spec.ts:88:1 › Full Tower Run - Complete all 30 floors (1.8m)


  1) [chromium] › tests/e2e/gameplay-full-tower.spec.ts:88:1 › Full Tower Run - Complete all 30 floors 

    Error: Defeated on floor 2

      179 |           runLog.finalResult = 'defeat';
      180 |           saveLog();
    > 181 |           throw new Error(`Defeated on floor ${floor}`);
          |                 ^
      182 |         }
      183 |         
      184 |         logFloor(`  ✅ Victory! (${battleResult.rounds} rounds)`);
        at /home/geni/Documents/vale-village-v2/tests/e2e/gameplay-full-tower.spec.ts:181:17

    attachment #1: screenshot (image/png) ──────────────────────────────────────────────────────────
    test-results/gameplay-full-tower-Full-Tower-Run---Complete-all-30-floors-chromium/test-failed-1.png
    ────────────────────────────────────────────────────────────────────────────────────────────────

    attachment #2: video (video/webm) ──────────────────────────────────────────────────────────────
    test-results/gameplay-full-tower-Full-Tower-Run---Complete-all-30-floors-chromium/video.webm
    ────────────────────────────────────────────────────────────────────────────────────────────────

    Error Context: test-results/gameplay-full-tower-Full-Tower-Run---Complete-all-30-floors-chromium/error-context.md

    attachment #4: trace (application/zip) ─────────────────────────────────────────────────────────
    test-results/gameplay-full-tower-Full-Tower-Run---Complete-all-30-floors-chromium/trace.zip
    Usage:

        pnpm exec playwright show-trace test-results/gameplay-full-tower-Full-Tower-Run---Complete-all-30-floors-chromium/trace.zip

    ────────────────────────────────────────────────────────────────────────────────────────────────

  1 failed
    [chromium] › tests/e2e/gameplay-full-tower.spec.ts:88:1 › Full Tower Run - Complete all 30 floors 
