
Running 1 test using 1 worker

[2026-01-02T12:10:24.474Z] 🏰 Starting Full Tower Run...
[2026-01-02T12:10:35.604Z] 
🏢 === FLOOR 1/30 ===
[2026-01-02T12:10:35.764Z]   Action taken: battle
[2026-01-02T12:10:35.952Z]   👥 Team select screen - confirming
[2026-01-02T12:10:51.156Z]   ⏭️ Floor skipped (no battle view)

📊 Log saved to: test-results/tower-run-2026-01-02T12-11-11-176Z.json
📝 Summary saved to: test-results/tower-run-summary-2026-01-02T12-11-11-177Z.txt
=== TOWER RUN SUMMARY ===
Start: 2026-01-02T12:10:23.924Z
End: 2026-01-02T12:11:11.176Z
Total Duration: 47s
Floors Completed: 1/30
Final Result: error
Error: [2mexpect([22m[31mlocator[39m[2m).[22mtoBeVisible[2m([22m[2m)[22m failed

Locator: locator('.tower-hub')
Expected: visible
Timeout: 20000ms
Error: element(s) not found

Call log:
[2m  - Expect "toBeVisible" with timeout 20000ms[22m
[2m  - waiting for locator('.tower-hub')[22m


=== FLOOR DETAILS ===
Floor 1 (battle): skipped - 16s

  ✘  1 [chromium] › tests/e2e/gameplay-full-tower.spec.ts:88:1 › Full Tower Run - Complete all 30 floors (51.2s)


  1) [chromium] › tests/e2e/gameplay-full-tower.spec.ts:88:1 › Full Tower Run - Complete all 30 floors 

    Error: [2mexpect([22m[31mlocator[39m[2m).[22mtoBeVisible[2m([22m[2m)[22m failed

    Locator: locator('.tower-hub')
    Expected: visible
    Timeout: 20000ms
    Error: element(s) not found

    Call log:
    [2m  - Expect "toBeVisible" with timeout 20000ms[22m
    [2m  - waiting for locator('.tower-hub')[22m


      198 |
      199 |       // Wait for tower hub
    > 200 |       await expect(towerHub).toBeVisible({ timeout: 20_000 });
          |                              ^
      201 |       await dismissDialogueIfPresent(page, {
      202 |         delay,
      203 |         overlayTimeoutMs: 500,
        at /home/geni/Documents/vale-village-v2/tests/e2e/gameplay-full-tower.spec.ts:200:30

    attachment #1: screenshot (image/png) ──────────────────────────────────────────────────────────
    test-results/gameplay-full-tower-Full-Tower-Run---Complete-all-30-floors-chromium/test-failed-1.png
    ────────────────────────────────────────────────────────────────────────────────────────────────

    attachment #2: video (video/webm) ──────────────────────────────────────────────────────────────
    test-results/gameplay-full-tower-Full-Tower-Run---Complete-all-30-floors-chromium/video.webm
    ────────────────────────────────────────────────────────────────────────────────────────────────

    Error Context: test-results/gameplay-full-tower-Full-Tower-Run---Complete-all-30-floors-chromium/error-context.md

    attachment #4: trace (application/zip) ─────────────────────────────────────────────────────────
    test-results/gameplay-full-tower-Full-Tower-Run---Complete-all-30-floors-chromium/trace.zip
    Usage:

        pnpm exec playwright show-trace test-results/gameplay-full-tower-Full-Tower-Run---Complete-all-30-floors-chromium/trace.zip

    ────────────────────────────────────────────────────────────────────────────────────────────────

  1 failed
    [chromium] › tests/e2e/gameplay-full-tower.spec.ts:88:1 › Full Tower Run - Complete all 30 floors 
