
Running 1 test using 1 worker

[2026-01-02T12:03:45.042Z] 🏰 Starting Full Tower Run...

📊 Log saved to: test-results/tower-run-2026-01-02T12-04-05-088Z.json
📝 Summary saved to: test-results/tower-run-summary-2026-01-02T12-04-05-089Z.txt
=== TOWER RUN SUMMARY ===
Start: 2026-01-02T12:03:44.363Z
End: 2026-01-02T12:04:05.088Z
Total Duration: 21s
Floors Completed: 0/30
Final Result: error
Error: [2mexpect([22m[31mlocator[39m[2m).[22mtoBeVisible[2m([22m[2m)[22m failed

Locator: locator('.main-menu-option').filter({ hasText: /battle tower/i })
Expected: visible
Timeout: 10000ms
Error: element(s) not found

Call log:
[2m  - Expect "toBeVisible" with timeout 10000ms[22m
[2m  - waiting for locator('.main-menu-option').filter({ hasText: /battle tower/i })[22m


=== FLOOR DETAILS ===

  ✘  1 [chromium] › tests/e2e/gameplay-full-tower.spec.ts:88:1 › Full Tower Run - Complete all 30 floors (22.8s)


  1) [chromium] › tests/e2e/gameplay-full-tower.spec.ts:88:1 › Full Tower Run - Complete all 30 floors 

    Error: [2mexpect([22m[31mlocator[39m[2m).[22mtoBeVisible[2m([22m[2m)[22m failed

    Locator: locator('.main-menu-option').filter({ hasText: /battle tower/i })
    Expected: visible
    Timeout: 10000ms
    Error: element(s) not found

    Call log:
    [2m  - Expect "toBeVisible" with timeout 10000ms[22m
    [2m  - waiting for locator('.main-menu-option').filter({ hasText: /battle tower/i })[22m


      104 |
      105 |     const battleTowerOption = page.locator('.main-menu-option').filter({ hasText: /battle tower/i });
    > 106 |     await expect(battleTowerOption).toBeVisible({ timeout: DEFAULT_TIMEOUT });
          |                                     ^
      107 |     await battleTowerOption.click();
      108 |     await delay(page, 500);
      109 |
        at /home/geni/Documents/vale-village-v2/tests/e2e/gameplay-full-tower.spec.ts:106:37

    attachment #1: screenshot (image/png) ──────────────────────────────────────────────────────────
    test-results/gameplay-full-tower-Full-Tower-Run---Complete-all-30-floors-chromium/test-failed-1.png
    ────────────────────────────────────────────────────────────────────────────────────────────────

    attachment #2: video (video/webm) ──────────────────────────────────────────────────────────────
    test-results/gameplay-full-tower-Full-Tower-Run---Complete-all-30-floors-chromium/video.webm
    ────────────────────────────────────────────────────────────────────────────────────────────────

    Error Context: test-results/gameplay-full-tower-Full-Tower-Run---Complete-all-30-floors-chromium/error-context.md

    attachment #4: trace (application/zip) ─────────────────────────────────────────────────────────
    test-results/gameplay-full-tower-Full-Tower-Run---Complete-all-30-floors-chromium/trace.zip
    Usage:

        pnpm exec playwright show-trace test-results/gameplay-full-tower-Full-Tower-Run---Complete-all-30-floors-chromium/trace.zip

    ────────────────────────────────────────────────────────────────────────────────────────────────

  1 failed
    [chromium] › tests/e2e/gameplay-full-tower.spec.ts:88:1 › Full Tower Run - Complete all 30 floors 
