
Running 1 test using 1 worker

[2026-01-02T12:37:39.790Z] 🏰 Starting Full Tower Run...
[2026-01-02T12:37:51.616Z] 
🏢 === FLOOR 1/30 ===
[2026-01-02T12:37:51.862Z]   Action taken: battle
[2026-01-02T12:37:52.149Z]   👥 Team select screen - confirming
[2026-01-02T12:37:52.451Z]   ⚔️ Battle started
[2026-01-02T12:37:53.314Z]   Floor 1 - Round 1 executed
[2026-01-02T12:38:02.277Z]   Floor 1 - Round 2 executed
[2026-01-02T12:38:11.145Z]   Floor 1 - Round 3 executed

📊 Log saved to: test-results/tower-run-2026-01-02T12-39-23-572Z.json
📝 Summary saved to: test-results/tower-run-summary-2026-01-02T12-39-23-573Z.txt
=== TOWER RUN SUMMARY ===
Start: 2026-01-02T12:37:38.770Z
End: 2026-01-02T12:39:23.567Z
Total Duration: 105s
Floors Completed: 0/30
Final Result: error
Error: Timed out waiting for battle state to advance.

=== FLOOR DETAILS ===

  ✘  1 [chromium] › tests/e2e/gameplay-full-tower.spec.ts:88:1 › Full Tower Run - Complete all 30 floors (1.9m)


  1) [chromium] › tests/e2e/gameplay-full-tower.spec.ts:88:1 › Full Tower Run - Complete all 30 floors 

    Error: Timed out waiting for battle state to advance.

       at helpers/battle.ts:106

      104 |   }
      105 |
    > 106 |   throw new Error('Timed out waiting for battle state to advance.');
          |         ^
      107 | }
      108 |
      109 | export async function runBattle(
        at waitForBattleStep (/home/geni/Documents/vale-village-v2/tests/e2e/helpers/battle.ts:106:9)
        at runBattle (/home/geni/Documents/vale-village-v2/tests/e2e/helpers/battle.ts:165:20)
        at /home/geni/Documents/vale-village-v2/tests/e2e/gameplay-full-tower.spec.ts:164:30

    attachment #1: screenshot (image/png) ──────────────────────────────────────────────────────────
    test-results/gameplay-full-tower-Full-Tower-Run---Complete-all-30-floors-chromium/test-failed-1.png
    ────────────────────────────────────────────────────────────────────────────────────────────────

    attachment #2: video (video/webm) ──────────────────────────────────────────────────────────────
    test-results/gameplay-full-tower-Full-Tower-Run---Complete-all-30-floors-chromium/video.webm
    ────────────────────────────────────────────────────────────────────────────────────────────────

    Error Context: test-results/gameplay-full-tower-Full-Tower-Run---Complete-all-30-floors-chromium/error-context.md

    attachment #4: trace (application/zip) ─────────────────────────────────────────────────────────
    test-results/gameplay-full-tower-Full-Tower-Run---Complete-all-30-floors-chromium/trace.zip
    Usage:

        pnpm exec playwright show-trace test-results/gameplay-full-tower-Full-Tower-Run---Complete-all-30-floors-chromium/trace.zip

    ────────────────────────────────────────────────────────────────────────────────────────────────

  1 failed
    [chromium] › tests/e2e/gameplay-full-tower.spec.ts:88:1 › Full Tower Run - Complete all 30 floors 
