
Running 1 test using 1 worker

[2026-01-02T12:16:11.070Z] 🏰 Starting Full Tower Run...
BROWSER: [vite] connecting...
BROWSER: [vite] connected.
[2026-01-02T12:16:23.628Z] 
🏢 === FLOOR 1/30 ===
[2026-01-02T12:16:23.832Z]   Action taken: battle
[2026-01-02T12:16:23.994Z]   👥 Team select screen - confirming
BROWSER: Tower Battle: Normalized team to level 5
[2026-01-02T12:16:24.332Z]   ⚔️ Battle started
[2026-01-02T12:16:25.170Z]   Floor 1 - Round 1 executed
[2026-01-02T12:16:33.801Z]   Floor 1 - Round 2 executed
[2026-01-02T12:16:42.471Z]   Floor 1 - Round 3 executed
[2026-01-02T12:16:52.469Z]   ✅ Victory! (3 rounds)
[2026-01-02T12:16:52.853Z] 
🏢 === FLOOR 2/30 ===
[2026-01-02T12:16:53.118Z]   Action taken: battle
[2026-01-02T12:16:53.212Z]   👥 Team select screen - confirming
BROWSER: Tower Battle: Normalized team to level 5
[2026-01-02T12:16:53.427Z]   ⚔️ Battle started
[2026-01-02T12:16:53.971Z]   Floor 2 - Round 1 executed
[2026-01-02T12:17:04.052Z]   Floor 2 - Round 2 executed
[2026-01-02T12:17:14.026Z]   ✅ Victory! (2 rounds)
BROWSER: 🎉 Recruited Mystic via dialogue effect!
BROWSER: [endDialogue] prevMode=tower, returnMode=rewards, nextMode=tower
[2026-01-02T12:17:15.525Z] 
🏢 === FLOOR 3/30 ===
[2026-01-02T12:17:15.701Z]   Action taken: battle
[2026-01-02T12:17:15.822Z]   👥 Team select screen - confirming
BROWSER: Tower Battle: Normalized team to level 5
[2026-01-02T12:17:16.099Z]   ⚔️ Battle started
[2026-01-02T12:17:16.673Z]   Floor 3 - Round 1 executed
[2026-01-02T12:17:28.394Z]   Floor 3 - Round 2 executed

📊 Log saved to: test-results/tower-run-2026-01-02T12-18-08-939Z.json
📝 Summary saved to: test-results/tower-run-summary-2026-01-02T12-18-08-942Z.txt
=== TOWER RUN SUMMARY ===
Start: 2026-01-02T12:16:10.195Z
End: 2026-01-02T12:18:08.938Z
Total Duration: 119s
Floors Completed: 2/30
Final Result: error
Error: Timed out waiting for battle state to advance.

=== FLOOR DETAILS ===
Floor 1 (battle): victory - 29s (3 rounds)
Floor 2 (battle): victory - 21s (2 rounds)

  ✘  1 [chromium] › tests/e2e/gameplay-full-tower.spec.ts:88:1 › Full Tower Run - Complete all 30 floors (2.2m)


  1) [chromium] › tests/e2e/gameplay-full-tower.spec.ts:88:1 › Full Tower Run - Complete all 30 floors 

    Error: Timed out waiting for battle state to advance.

       at helpers/battle.ts:106

      104 |   }
      105 |
    > 106 |   throw new Error('Timed out waiting for battle state to advance.');
          |         ^
      107 | }
      108 |
      109 | export async function runBattle(
        at waitForBattleStep (/home/geni/Documents/vale-village-v2/tests/e2e/helpers/battle.ts:106:9)
        at runBattle (/home/geni/Documents/vale-village-v2/tests/e2e/helpers/battle.ts:165:20)
        at /home/geni/Documents/vale-village-v2/tests/e2e/gameplay-full-tower.spec.ts:166:30

    attachment #1: screenshot (image/png) ──────────────────────────────────────────────────────────
    test-results/gameplay-full-tower-Full-Tower-Run---Complete-all-30-floors-chromium/test-failed-1.png
    ────────────────────────────────────────────────────────────────────────────────────────────────

    attachment #2: video (video/webm) ──────────────────────────────────────────────────────────────
    test-results/gameplay-full-tower-Full-Tower-Run---Complete-all-30-floors-chromium/video.webm
    ────────────────────────────────────────────────────────────────────────────────────────────────

    Error Context: test-results/gameplay-full-tower-Full-Tower-Run---Complete-all-30-floors-chromium/error-context.md

    attachment #4: trace (application/zip) ─────────────────────────────────────────────────────────
    test-results/gameplay-full-tower-Full-Tower-Run---Complete-all-30-floors-chromium/trace.zip
    Usage:

        pnpm exec playwright show-trace test-results/gameplay-full-tower-Full-Tower-Run---Complete-all-30-floors-chromium/trace.zip

    ────────────────────────────────────────────────────────────────────────────────────────────────

  1 failed
    [chromium] › tests/e2e/gameplay-full-tower.spec.ts:88:1 › Full Tower Run - Complete all 30 floors 
